// Jest Snapshot v1, https://goo.gl/fbAQLP

exports[`TabBarIcon component should match snapshot 1`] = `
<RNCSafeAreaProvider
  onInsetsChange={[Function]}
  style={
    Object {
      "flex": 1,
    }
  }
>
  <View
    style={
      Object {
        "alignItems": "center",
        "flex": 1,
        "justifyContent": "flex-start",
        "marginTop": 8,
        "position": "relative",
      }
    }
  >
    <SvgMock
      color="#8a8a8e"
    />
  </View>
</RNCSafeAreaProvider>
`;
